
/home/runner/work/exp-optimization-steepest-descent-iitb/exp-optimization-steepest-descent-iitb/experiment/simulation/common_libraries/js/ts_components/collapse_step.js
   1:10  warning  'show_step' is defined but never used                 no-unused-vars
   2:5   warning  '$' is not defined                                    no-undef
   3:9   warning  '$' is not defined                                    no-undef
   6:10  warning  'hide_step' is defined but never used                 no-unused-vars
   7:5   warning  '$' is not defined                                    no-undef
   8:9   warning  '$' is not defined                                    no-undef
  11:10  warning  'get_collapse_btn_text' is defined but never used     no-unused-vars
  20:10  warning  'get_collapse_btn_element' is defined but never used  no-unused-vars
  29:10  warning  'hide_all_steps' is defined but never used            no-unused-vars
  31:9   warning  '$' is not defined                                    no-undef

/home/runner/work/exp-optimization-steepest-descent-iitb/exp-optimization-steepest-descent-iitb/experiment/simulation/common_libraries/js/ts_components/matrix.js
   27:26  warning  'MathJax' is not defined                                no-undef
   32:7   warning  'Matrix_Without_String' is defined but never used       no-unused-vars
   52:26  warning  'MathJax' is not defined                                no-undef
   56:10  warning  'get_matrix_html' is defined but never used             no-unused-vars
   87:13  warning  'row_html' is assigned a value but never used           no-unused-vars
   99:10  warning  'get_matrix_html_with_title' is defined but never used  no-unused-vars
  131:13  warning  'row_html' is assigned a value but never used           no-unused-vars
  143:10  warning  'convert_2d_to_1d_vector' is defined but never used     no-unused-vars
  156:10  warning  'convert_1d_to_2d_matrix' is defined but never used     no-unused-vars

/home/runner/work/exp-optimization-steepest-descent-iitb/exp-optimization-steepest-descent-iitb/experiment/simulation/common_libraries/js/ts_components/matrix_2d.js
    2:10  warning  'toLatexBMatrix' is defined but never used              no-unused-vars
   29:10  warning  'toLatexDeterminant' is defined but never used          no-unused-vars
   61:10  warning  'renderMatrixInputs' is defined but never used          no-unused-vars
  111:10  warning  'readMatrix2D' is defined but never used                no-unused-vars
  130:10  warning  'verifyMatrix2D' is defined but never used              no-unused-vars
  141:18  warning  'verify_values' is not defined                          no-undef
  148:10  warning  'transposeMatrix' is defined but never used             no-unused-vars
  165:10  warning  'multiplyMatrices' is defined but never used            no-unused-vars
  200:10  warning  'inverseMatrix' is defined but never used               no-unused-vars
  255:10  warning  'determinant' is defined but never used                 no-unused-vars
  305:10  warning  'convertMatrixInputsToSpans' is defined but never used  no-unused-vars

/home/runner/work/exp-optimization-steepest-descent-iitb/exp-optimization-steepest-descent-iitb/experiment/simulation/common_libraries/js/ts_components/pannel.js
  8:7  warning  'Pannel' is defined but never used  no-unused-vars

/home/runner/work/exp-optimization-steepest-descent-iitb/exp-optimization-steepest-descent-iitb/experiment/simulation/common_libraries/js/ts_components/questions.js
   6:17  warning  'op1' is assigned a value but never used      no-unused-vars
   7:17  warning  'op2' is assigned a value but never used      no-unused-vars
   8:17  warning  'op3' is assigned a value but never used      no-unused-vars
   9:17  warning  'op4' is assigned a value but never used      no-unused-vars
  94:7   warning  'Question_Options' is defined but never used  no-unused-vars

/home/runner/work/exp-optimization-steepest-descent-iitb/exp-optimization-steepest-descent-iitb/experiment/simulation/common_libraries/js/ts_components/tables.js
   19:22  warning  'verify_values' is not defined                                     no-undef
  137:22  warning  'verify_values' is not defined                                     no-undef
  260:7   warning  'Verify_Rows_Cols_6_decimal_places' is defined but never used      no-unused-vars
  311:22  warning  'verify_values' is not defined                                     no-undef
  416:7   warning  'Verify_Rows_Cols_Custom_Fixed_Update1' is defined but never used  no-unused-vars
  468:7   warning  'Show_Table_Custom_Fixed' is defined but never used                no-unused-vars
  506:7   warning  'Verify_Rows_Cols_Strings' is defined but never used               no-unused-vars
  527:22  warning  'verify_values' is not defined                                     no-undef
  663:7   warning  'Display_Table' is defined but never used                          no-unused-vars

/home/runner/work/exp-optimization-steepest-descent-iitb/exp-optimization-steepest-descent-iitb/experiment/simulation/common_libraries/js/ts_math_library/general_math_functions.js
    1:10  warning  'verify_values' is defined but never used                   no-unused-vars
   17:10  warning  'random1' is defined but never used                         no-unused-vars
   21:10  warning  'std_deviation' is defined but never used                   no-unused-vars
   26:10  warning  'gauss' is defined but never used                           no-unused-vars
   56:10  warning  'hide_panel' is defined but never used                      no-unused-vars
   63:10  warning  'inverse_matrix' is defined but never used                  no-unused-vars
   96:10  warning  'matrix_multiplication' is defined but never used           no-unused-vars
  113:10  warning  'transpose_matrix' is defined but never used                no-unused-vars
  123:10  warning  'matrix_multiplication_8decimal' is defined but never used  no-unused-vars
  140:10  warning  'adjoint_2x2_matrix' is defined but never used              no-unused-vars
  145:10  warning  'find_deteminant' is defined but never used                 no-unused-vars
  174:10  warning  'get_Submatrix' is defined but never used                   no-unused-vars

/home/runner/work/exp-optimization-steepest-descent-iitb/exp-optimization-steepest-descent-iitb/experiment/simulation/common_libraries/js/ts_math_library/regression.js
   1:10  warning  'regression_linear' is defined but never used            no-unused-vars
  18:10  warning  'regression_linear_1variable' is defined but never used  no-unused-vars
  27:10  warning  'regression_linear_2variable' is defined but never used  no-unused-vars
  52:11  warning  'gauss' is not defined                                   no-undef

/home/runner/work/exp-optimization-steepest-descent-iitb/exp-optimization-steepest-descent-iitb/experiment/simulation/common_libraries/math.ob.js
  1:745  warning  'b' is already defined  no-redeclare

/home/runner/work/exp-optimization-steepest-descent-iitb/exp-optimization-steepest-descent-iitb/experiment/simulation/js/activity1.js
   17:10  warning  'start_act1' is defined but never used            no-unused-vars
   21:20  warning  'get_collapse_btn_text' is not defined            no-undef
   30:16  warning  'a' is not defined                                no-undef
   30:26  warning  'b' is not defined                                no-undef
   31:48  warning  'alpha' is not defined                            no-undef
   39:22  warning  'MathJax' is not defined                          no-undef
   40:5   warning  'hide_all_steps' is not defined                   no-undef
   42:9   warning  'show_step' is not defined                        no-undef
   46:5   warning  'a' is not defined                                no-undef
   46:9   warning  'random1' is not defined                          no-undef
   47:5   warning  'b' is not defined                                no-undef
   47:9   warning  'random1' is not defined                          no-undef
   48:5   warning  'alpha' is not defined                            no-undef
   48:13  warning  'random1' is not defined                          no-undef
   49:5   warning  'alpha' is not defined                            no-undef
   49:13  warning  'alpha' is not defined                            no-undef
   50:24  warning  'a' is not defined                                no-undef
   51:24  warning  'b' is not defined                                no-undef
   52:28  warning  'alpha' is not defined                            no-undef
   54:10  warning  'calculations_itr1' is defined but never used     no-unused-vars
   56:9   warning  'div' is assigned a value but never used          no-unused-vars
   59:5   warning  'calculate_fx_x' is not defined                   no-undef
   59:20  warning  'x' is not defined                                no-undef
   59:23  warning  'a' is not defined                                no-undef
   60:31  warning  'itr1_fdx' is not defined                         no-undef
   61:29  warning  'itr1_x' is not defined                           no-undef
   63:46  warning  'x' is not defined                                no-undef
  114:21  warning  'itr1_x' is not defined                           no-undef
  174:22  warning  'MathJax' is not defined                          no-undef
  176:10  warning  'act1_verify_itr1_fdx' is defined but never used  no-unused-vars
  178:10  warning  'verify_values' is not defined                    no-undef
  178:81  warning  'itr1_fdx' is not defined                         no-undef
  192:10  warning  'act1_verify_itr1_x' is defined but never used    no-unused-vars
  194:10  warning  'verify_values' is not defined                    no-undef
  194:81  warning  'itr1_x' is not defined                           no-undef
  210:27  warning  'itr1_x' is not defined                           no-undef
  211:27  warning  'a' is not defined                                no-undef
  212:5   warning  'calculate_fx_x' is not defined                   no-undef
  212:20  warning  'itr1_x' is not defined                           no-undef
  212:28  warning  'a' is not defined                                no-undef
  213:5   warning  'itr2_fdx' is not defined                         no-undef
  213:16  warning  'itr1_fdx' is not defined                         no-undef
  214:5   warning  'itr2_x' is not defined                           no-undef
  214:14  warning  'itr1_x' is not defined                           no-undef
  215:31  warning  'itr2_fdx' is not defined                         no-undef
  216:29  warning  'itr2_x' is not defined                           no-undef
  218:10  warning  'act1_verify_itr2_fdx' is defined but never used  no-unused-vars
  220:10  warning  'verify_values' is not defined                    no-undef
  220:81  warning  'itr2_fdx' is not defined                         no-undef
  234:10  warning  'act1_verify_itr2_x' is defined but never used    no-unused-vars
  236:10  warning  'verify_values' is not defined                    no-undef
  236:81  warning  'itr2_x' is not defined                           no-undef
  247:5   warning  'act1_table_data1' is not defined                 no-undef
  247:24  warning  'newton' is not defined                           no-undef
  247:31  warning  'x' is not defined                                no-undef
  247:34  warning  'a' is not defined                                no-undef
  247:37  warning  'alpha' is not defined                            no-undef
  248:17  warning  'act1_table_data1' is not defined                 no-undef
  249:5   warning  'act1_table_data_graph' is not defined            no-undef
  249:29  warning  'graph_table' is not defined                      no-undef
  249:41  warning  'x' is not defined                                no-undef
  249:44  warning  'a' is not defined                                no-undef
  249:47  warning  'b' is not defined                                no-undef
  250:17  warning  'act1_table_data_graph' is not defined            no-undef
  251:5   warning  'minfxValue' is not defined                       no-undef
  251:30  warning  'act1_table_data_graph' is not defined            no-undef
  252:17  warning  'minfxValue' is not defined                       no-undef
  261:17  warning  'Show_Table_Custom_Fixed' is not defined          no-undef
  261:49  warning  'act1_table_data1' is not defined                 no-undef
  264:10  warning  'display_chart' is defined but never used         no-unused-vars
  278:13  warning  'act1_table_data_graph' is not defined            no-undef
  279:13  warning  'act1_table_data_graph' is not defined            no-undef
  280:21  warning  'Chart' is not defined                            no-undef
  324:10  warning  'load_questions' is defined but never used        no-unused-vars
  330:10  warning  'verify_fxmin' is defined but never used          no-unused-vars
  332:10  warning  'verify_values' is not defined                    no-undef
  332:58  warning  'minfxValue' is not defined                       no-undef
  346:10  warning  'exp_complete' is defined but never used          no-unused-vars

/home/runner/work/exp-optimization-steepest-descent-iitb/exp-optimization-steepest-descent-iitb/experiment/simulation/js/data.js
   1:5  warning  'act1_table_data1' is defined but never used       no-unused-vars
   2:5  warning  'a' is assigned a value but never used             no-unused-vars
   3:5  warning  'b' is assigned a value but never used             no-unused-vars
   4:5  warning  'alpha' is assigned a value but never used         no-unused-vars
   5:5  warning  'x' is assigned a value but never used             no-unused-vars
   6:5  warning  'itr1_fdx' is assigned a value but never used      no-unused-vars
   7:5  warning  'itr1_x' is assigned a value but never used        no-unused-vars
   8:5  warning  'itr2_fdx' is assigned a value but never used      no-unused-vars
   9:5  warning  'itr2_x' is assigned a value but never used        no-unused-vars
  10:5  warning  'act1_table_data_graph' is defined but never used  no-unused-vars
  11:5  warning  'minfxValue' is defined but never used             no-unused-vars

/home/runner/work/exp-optimization-steepest-descent-iitb/exp-optimization-steepest-descent-iitb/experiment/simulation/js/newton.js
   1:10  warning  'calculate_fx_x' is defined but never used  no-unused-vars
   2:5   warning  'itr1_fdx' is not defined                   no-undef
   4:17  warning  'alpha' is not defined                      no-undef
   4:24  warning  'itr1_fdx' is not defined                   no-undef
   5:12  warning  'itr1_fdx' is not defined                   no-undef
   8:5   warning  'itr1_x' is not defined                     no-undef
   8:14  warning  'x' is not defined                          no-undef
  10:12  warning  'itr1_x' is not defined                     no-undef
  12:10  warning  'newton' is defined but never used          no-unused-vars
  26:10  warning  'graph_table' is defined but never used     no-unused-vars

✖ 161 problems (0 errors, 161 warnings)

